Archive member included to satisfy reference by file (symbol)

c:/program files (x86)/atollic/truestudio for stm32 9.0.0/armtools/bin/../lib/gcc/arm-atollic-eabi/6.3.1/../../../../arm-atollic-eabi/lib/armv7e-m/fpu/fpv5-sp-d16\libc_nano.a(lib_a-init.o)
                              src\startup_stm32f746xx.o (__libc_init_array)
c:/program files (x86)/atollic/truestudio for stm32 9.0.0/armtools/bin/../lib/gcc/arm-atollic-eabi/6.3.1/../../../../arm-atollic-eabi/lib/armv7e-m/fpu/fpv5-sp-d16\libc_nano.a(lib_a-strlen.o)
                              src\tiny_printf.o (strlen)
c:/program files (x86)/atollic/truestudio for stm32 9.0.0/armtools/bin/../lib/gcc/arm-atollic-eabi/6.3.1/../../../../arm-atollic-eabi/lib/armv7e-m/fpu/fpv5-sp-d16\libnosys.a(write.o)
                              src\tiny_printf.o (_write)
c:/program files (x86)/atollic/truestudio for stm32 9.0.0/armtools/bin/../lib/gcc/arm-atollic-eabi/6.3.1/../../../../arm-atollic-eabi/lib/armv7e-m/fpu/fpv5-sp-d16\libnosys.a(errno.o)
                              c:/program files (x86)/atollic/truestudio for stm32 9.0.0/armtools/bin/../lib/gcc/arm-atollic-eabi/6.3.1/../../../../arm-atollic-eabi/lib/armv7e-m/fpu/fpv5-sp-d16\libnosys.a(write.o) (errno)

Allocating common symbols
Common symbol       size              file

errno               0x4               c:/program files (x86)/atollic/truestudio for stm32 9.0.0/armtools/bin/../lib/gcc/arm-atollic-eabi/6.3.1/../../../../arm-atollic-eabi/lib/armv7e-m/fpu/fpv5-sp-d16\libnosys.a(errno.o)

Discarded input sections

 .text          0x00000000        0x0 c:/program files (x86)/atollic/truestudio for stm32 9.0.0/armtools/bin/../lib/gcc/arm-atollic-eabi/6.3.1/armv7e-m/fpu/fpv5-sp-d16/crti.o
 .data          0x00000000        0x0 c:/program files (x86)/atollic/truestudio for stm32 9.0.0/armtools/bin/../lib/gcc/arm-atollic-eabi/6.3.1/armv7e-m/fpu/fpv5-sp-d16/crti.o
 .bss           0x00000000        0x0 c:/program files (x86)/atollic/truestudio for stm32 9.0.0/armtools/bin/../lib/gcc/arm-atollic-eabi/6.3.1/armv7e-m/fpu/fpv5-sp-d16/crti.o
 .data          0x00000000        0x4 c:/program files (x86)/atollic/truestudio for stm32 9.0.0/armtools/bin/../lib/gcc/arm-atollic-eabi/6.3.1/armv7e-m/fpu/fpv5-sp-d16/crtbegin.o
 .text          0x00000000        0x0 src\main.o
 .data          0x00000000        0x0 src\main.o
 .bss           0x00000000        0x0 src\main.o
 .text          0x00000000       0x14 src\startup_stm32f746xx.o
 .data          0x00000000        0x0 src\startup_stm32f746xx.o
 .bss           0x00000000        0x0 src\startup_stm32f746xx.o
 .text          0x00000000        0x0 src\system_stm32f7xx.o
 .data          0x00000000        0x0 src\system_stm32f7xx.o
 .bss           0x00000000        0x0 src\system_stm32f7xx.o
 .data.SystemCoreClock
                0x00000000        0x4 src\system_stm32f7xx.o
 .rodata.AHBPrescTable
                0x00000000       0x10 src\system_stm32f7xx.o
 .rodata.APBPrescTable
                0x00000000        0x8 src\system_stm32f7xx.o
 .text.SystemCoreClockUpdate
                0x00000000       0xf4 src\system_stm32f7xx.o
 .text          0x00000000        0x0 src\tiny_printf.o
 .data          0x00000000        0x0 src\tiny_printf.o
 .bss           0x00000000        0x0 src\tiny_printf.o
 .text.ts_itoa  0x00000000       0x92 src\tiny_printf.o
 .text.ts_formatstring
                0x00000000      0x12e src\tiny_printf.o
 .text.ts_formatlength
                0x00000000      0x12c src\tiny_printf.o
 .text.siprintf
                0x00000000       0x2c src\tiny_printf.o
 .text.fiprintf
                0x00000000       0x9a src\tiny_printf.o
 .text.iprintf  0x00000000       0x92 src\tiny_printf.o
 .rodata        0x00000000        0x2 src\tiny_printf.o
 .text.fputs    0x00000000       0x68 src\tiny_printf.o
 .text.puts     0x00000000       0x58 src\tiny_printf.o
 .text.fwrite   0x00000000       0x38 src\tiny_printf.o
 .debug_info    0x00000000      0xc78 src\tiny_printf.o
 .debug_abbrev  0x00000000      0x262 src\tiny_printf.o
 .debug_aranges
                0x00000000       0x60 src\tiny_printf.o
 .debug_ranges  0x00000000       0x50 src\tiny_printf.o
 .debug_line    0x00000000      0x2bf src\tiny_printf.o
 .debug_str     0x00000000      0x6a2 src\tiny_printf.o
 .comment       0x00000000       0x7d src\tiny_printf.o
 .debug_frame   0x00000000      0x1bc src\tiny_printf.o
 .ARM.attributes
                0x00000000       0x39 src\tiny_printf.o
 .text          0x00000000        0x0 c:/program files (x86)/atollic/truestudio for stm32 9.0.0/armtools/bin/../lib/gcc/arm-atollic-eabi/6.3.1/../../../../arm-atollic-eabi/lib/armv7e-m/fpu/fpv5-sp-d16\libc_nano.a(lib_a-init.o)
 .data          0x00000000        0x0 c:/program files (x86)/atollic/truestudio for stm32 9.0.0/armtools/bin/../lib/gcc/arm-atollic-eabi/6.3.1/../../../../arm-atollic-eabi/lib/armv7e-m/fpu/fpv5-sp-d16\libc_nano.a(lib_a-init.o)
 .bss           0x00000000        0x0 c:/program files (x86)/atollic/truestudio for stm32 9.0.0/armtools/bin/../lib/gcc/arm-atollic-eabi/6.3.1/../../../../arm-atollic-eabi/lib/armv7e-m/fpu/fpv5-sp-d16\libc_nano.a(lib_a-init.o)
 .text          0x00000000       0x10 c:/program files (x86)/atollic/truestudio for stm32 9.0.0/armtools/bin/../lib/gcc/arm-atollic-eabi/6.3.1/../../../../arm-atollic-eabi/lib/armv7e-m/fpu/fpv5-sp-d16\libc_nano.a(lib_a-strlen.o)
 .data          0x00000000        0x0 c:/program files (x86)/atollic/truestudio for stm32 9.0.0/armtools/bin/../lib/gcc/arm-atollic-eabi/6.3.1/../../../../arm-atollic-eabi/lib/armv7e-m/fpu/fpv5-sp-d16\libc_nano.a(lib_a-strlen.o)
 .bss           0x00000000        0x0 c:/program files (x86)/atollic/truestudio for stm32 9.0.0/armtools/bin/../lib/gcc/arm-atollic-eabi/6.3.1/../../../../arm-atollic-eabi/lib/armv7e-m/fpu/fpv5-sp-d16\libc_nano.a(lib_a-strlen.o)
 .ARM.attributes
                0x00000000       0x1b c:/program files (x86)/atollic/truestudio for stm32 9.0.0/armtools/bin/../lib/gcc/arm-atollic-eabi/6.3.1/../../../../arm-atollic-eabi/lib/armv7e-m/fpu/fpv5-sp-d16\libc_nano.a(lib_a-strlen.o)
 .text          0x00000000        0x0 c:/program files (x86)/atollic/truestudio for stm32 9.0.0/armtools/bin/../lib/gcc/arm-atollic-eabi/6.3.1/../../../../arm-atollic-eabi/lib/armv7e-m/fpu/fpv5-sp-d16\libnosys.a(write.o)
 .data          0x00000000        0x0 c:/program files (x86)/atollic/truestudio for stm32 9.0.0/armtools/bin/../lib/gcc/arm-atollic-eabi/6.3.1/../../../../arm-atollic-eabi/lib/armv7e-m/fpu/fpv5-sp-d16\libnosys.a(write.o)
 .bss           0x00000000        0x0 c:/program files (x86)/atollic/truestudio for stm32 9.0.0/armtools/bin/../lib/gcc/arm-atollic-eabi/6.3.1/../../../../arm-atollic-eabi/lib/armv7e-m/fpu/fpv5-sp-d16\libnosys.a(write.o)
 .stab          0x00000000       0x24 c:/program files (x86)/atollic/truestudio for stm32 9.0.0/armtools/bin/../lib/gcc/arm-atollic-eabi/6.3.1/../../../../arm-atollic-eabi/lib/armv7e-m/fpu/fpv5-sp-d16\libnosys.a(write.o)
 .text._write   0x00000000       0x10 c:/program files (x86)/atollic/truestudio for stm32 9.0.0/armtools/bin/../lib/gcc/arm-atollic-eabi/6.3.1/../../../../arm-atollic-eabi/lib/armv7e-m/fpu/fpv5-sp-d16\libnosys.a(write.o)
 .debug_frame   0x00000000       0x20 c:/program files (x86)/atollic/truestudio for stm32 9.0.0/armtools/bin/../lib/gcc/arm-atollic-eabi/6.3.1/../../../../arm-atollic-eabi/lib/armv7e-m/fpu/fpv5-sp-d16\libnosys.a(write.o)
 .ARM.attributes
                0x00000000       0x34 c:/program files (x86)/atollic/truestudio for stm32 9.0.0/armtools/bin/../lib/gcc/arm-atollic-eabi/6.3.1/../../../../arm-atollic-eabi/lib/armv7e-m/fpu/fpv5-sp-d16\libnosys.a(write.o)
 .text          0x00000000        0x0 c:/program files (x86)/atollic/truestudio for stm32 9.0.0/armtools/bin/../lib/gcc/arm-atollic-eabi/6.3.1/../../../../arm-atollic-eabi/lib/armv7e-m/fpu/fpv5-sp-d16\libnosys.a(errno.o)
 .data          0x00000000        0x0 c:/program files (x86)/atollic/truestudio for stm32 9.0.0/armtools/bin/../lib/gcc/arm-atollic-eabi/6.3.1/../../../../arm-atollic-eabi/lib/armv7e-m/fpu/fpv5-sp-d16\libnosys.a(errno.o)
 .bss           0x00000000        0x0 c:/program files (x86)/atollic/truestudio for stm32 9.0.0/armtools/bin/../lib/gcc/arm-atollic-eabi/6.3.1/../../../../arm-atollic-eabi/lib/armv7e-m/fpu/fpv5-sp-d16\libnosys.a(errno.o)
 .ARM.attributes
                0x00000000       0x34 c:/program files (x86)/atollic/truestudio for stm32 9.0.0/armtools/bin/../lib/gcc/arm-atollic-eabi/6.3.1/../../../../arm-atollic-eabi/lib/armv7e-m/fpu/fpv5-sp-d16\libnosys.a(errno.o)
 COMMON         0x00000000        0x4 c:/program files (x86)/atollic/truestudio for stm32 9.0.0/armtools/bin/../lib/gcc/arm-atollic-eabi/6.3.1/../../../../arm-atollic-eabi/lib/armv7e-m/fpu/fpv5-sp-d16\libnosys.a(errno.o)
 .text          0x00000000        0x0 c:/program files (x86)/atollic/truestudio for stm32 9.0.0/armtools/bin/../lib/gcc/arm-atollic-eabi/6.3.1/armv7e-m/fpu/fpv5-sp-d16/crtend.o
 .data          0x00000000        0x0 c:/program files (x86)/atollic/truestudio for stm32 9.0.0/armtools/bin/../lib/gcc/arm-atollic-eabi/6.3.1/armv7e-m/fpu/fpv5-sp-d16/crtend.o
 .bss           0x00000000        0x0 c:/program files (x86)/atollic/truestudio for stm32 9.0.0/armtools/bin/../lib/gcc/arm-atollic-eabi/6.3.1/armv7e-m/fpu/fpv5-sp-d16/crtend.o
 .eh_frame      0x00000000        0x4 c:/program files (x86)/atollic/truestudio for stm32 9.0.0/armtools/bin/../lib/gcc/arm-atollic-eabi/6.3.1/armv7e-m/fpu/fpv5-sp-d16/crtend.o
 .ARM.attributes
                0x00000000       0x34 c:/program files (x86)/atollic/truestudio for stm32 9.0.0/armtools/bin/../lib/gcc/arm-atollic-eabi/6.3.1/armv7e-m/fpu/fpv5-sp-d16/crtend.o
 .text          0x00000000        0x0 c:/program files (x86)/atollic/truestudio for stm32 9.0.0/armtools/bin/../lib/gcc/arm-atollic-eabi/6.3.1/armv7e-m/fpu/fpv5-sp-d16/crtn.o
 .data          0x00000000        0x0 c:/program files (x86)/atollic/truestudio for stm32 9.0.0/armtools/bin/../lib/gcc/arm-atollic-eabi/6.3.1/armv7e-m/fpu/fpv5-sp-d16/crtn.o
 .bss           0x00000000        0x0 c:/program files (x86)/atollic/truestudio for stm32 9.0.0/armtools/bin/../lib/gcc/arm-atollic-eabi/6.3.1/armv7e-m/fpu/fpv5-sp-d16/crtn.o

Memory Configuration

Name             Origin             Length             Attributes
FLASH            0x08000000         0x00100000         xr
DTCMRAM          0x20000000         0x00010000         xrw
SRAM1            0x20010000         0x0003c000         xrw
SRAM2            0x2004c000         0x00004000         xrw
MEMORY_B1        0x60000000         0x00000000         xr
*default*        0x00000000         0xffffffff

Linker script and memory map

LOAD c:/program files (x86)/atollic/truestudio for stm32 9.0.0/armtools/bin/../lib/gcc/arm-atollic-eabi/6.3.1/armv7e-m/fpu/fpv5-sp-d16/crti.o
LOAD c:/program files (x86)/atollic/truestudio for stm32 9.0.0/armtools/bin/../lib/gcc/arm-atollic-eabi/6.3.1/armv7e-m/fpu/fpv5-sp-d16/crtbegin.o
LOAD src\main.o
LOAD src\startup_stm32f746xx.o
LOAD src\system_stm32f7xx.o
LOAD src\tiny_printf.o
                0x00000080                malloc_getpagesize_P = 0x80
START GROUP
LOAD c:/program files (x86)/atollic/truestudio for stm32 9.0.0/armtools/bin/../lib/gcc/arm-atollic-eabi/6.3.1/../../../../arm-atollic-eabi/lib/armv7e-m/fpu/fpv5-sp-d16\libc_nano.a
LOAD c:/program files (x86)/atollic/truestudio for stm32 9.0.0/armtools/bin/../lib/gcc/arm-atollic-eabi/6.3.1/../../../../arm-atollic-eabi/lib/armv7e-m/fpu/fpv5-sp-d16\libm.a
END GROUP
START GROUP
LOAD c:/program files (x86)/atollic/truestudio for stm32 9.0.0/armtools/bin/../lib/gcc/arm-atollic-eabi/6.3.1/armv7e-m/fpu/fpv5-sp-d16\libgcc.a
LOAD c:/program files (x86)/atollic/truestudio for stm32 9.0.0/armtools/bin/../lib/gcc/arm-atollic-eabi/6.3.1/../../../../arm-atollic-eabi/lib/armv7e-m/fpu/fpv5-sp-d16\libc_nano.a
END GROUP
START GROUP
LOAD c:/program files (x86)/atollic/truestudio for stm32 9.0.0/armtools/bin/../lib/gcc/arm-atollic-eabi/6.3.1/armv7e-m/fpu/fpv5-sp-d16\libgcc.a
LOAD c:/program files (x86)/atollic/truestudio for stm32 9.0.0/armtools/bin/../lib/gcc/arm-atollic-eabi/6.3.1/../../../../arm-atollic-eabi/lib/armv7e-m/fpu/fpv5-sp-d16\libc_nano.a
LOAD c:/program files (x86)/atollic/truestudio for stm32 9.0.0/armtools/bin/../lib/gcc/arm-atollic-eabi/6.3.1/../../../../arm-atollic-eabi/lib/armv7e-m/fpu/fpv5-sp-d16\libnosys.a
END GROUP
START GROUP
LOAD c:/program files (x86)/atollic/truestudio for stm32 9.0.0/armtools/bin/../lib/gcc/arm-atollic-eabi/6.3.1/armv7e-m/fpu/fpv5-sp-d16\libgcc.a
LOAD c:/program files (x86)/atollic/truestudio for stm32 9.0.0/armtools/bin/../lib/gcc/arm-atollic-eabi/6.3.1/../../../../arm-atollic-eabi/lib/armv7e-m/fpu/fpv5-sp-d16\libc_nano.a
LOAD c:/program files (x86)/atollic/truestudio for stm32 9.0.0/armtools/bin/../lib/gcc/arm-atollic-eabi/6.3.1/../../../../arm-atollic-eabi/lib/armv7e-m/fpu/fpv5-sp-d16\libnosys.a
END GROUP
LOAD c:/program files (x86)/atollic/truestudio for stm32 9.0.0/armtools/bin/../lib/gcc/arm-atollic-eabi/6.3.1/armv7e-m/fpu/fpv5-sp-d16/crtend.o
LOAD c:/program files (x86)/atollic/truestudio for stm32 9.0.0/armtools/bin/../lib/gcc/arm-atollic-eabi/6.3.1/armv7e-m/fpu/fpv5-sp-d16/crtn.o
                0x20050000                _estack = 0x20050000
                0x00000000                _Min_Heap_Size = 0x0
                0x00000400                _Min_Stack_Size = 0x400

.isr_vector     0x08000000      0x1c8
                0x08000000                . = ALIGN (0x4)
 *(.isr_vector)
 .isr_vector    0x08000000      0x1c8 src\startup_stm32f746xx.o
                0x08000000                g_pfnVectors
                0x080001c8                . = ALIGN (0x4)

.text           0x080001c8      0x1fc
                0x080001c8                . = ALIGN (0x4)
 *(.text)
 .text          0x080001c8       0x40 c:/program files (x86)/atollic/truestudio for stm32 9.0.0/armtools/bin/../lib/gcc/arm-atollic-eabi/6.3.1/armv7e-m/fpu/fpv5-sp-d16/crtbegin.o
 *(.text*)
 .text.main     0x08000208       0x58 src\main.o
                0x08000208                main
 .text.delay_ms
                0x08000260       0x44 src\main.o
                0x08000260                delay_ms
 .text.Reset_Handler
                0x080002a4       0x50 src\startup_stm32f746xx.o
                0x080002a4                Reset_Handler
 .text.Default_Handler
                0x080002f4        0x2 src\startup_stm32f746xx.o
                0x080002f4                RTC_Alarm_IRQHandler
                0x080002f4                EXTI2_IRQHandler
                0x080002f4                TIM8_CC_IRQHandler
                0x080002f4                DebugMon_Handler
                0x080002f4                UART8_IRQHandler
                0x080002f4                SPI4_IRQHandler
                0x080002f4                TIM1_CC_IRQHandler
                0x080002f4                DMA2_Stream5_IRQHandler
                0x080002f4                HardFault_Handler
                0x080002f4                DMA1_Stream5_IRQHandler
                0x080002f4                SysTick_Handler
                0x080002f4                PVD_IRQHandler
                0x080002f4                TAMP_STAMP_IRQHandler
                0x080002f4                PendSV_Handler
                0x080002f4                NMI_Handler
                0x080002f4                CAN2_RX1_IRQHandler
                0x080002f4                EXTI3_IRQHandler
                0x080002f4                TIM8_TRG_COM_TIM14_IRQHandler
                0x080002f4                TIM1_UP_TIM10_IRQHandler
                0x080002f4                TIM8_UP_TIM13_IRQHandler
                0x080002f4                I2C3_ER_IRQHandler
                0x080002f4                EXTI0_IRQHandler
                0x080002f4                I2C2_EV_IRQHandler
                0x080002f4                DMA1_Stream2_IRQHandler
                0x080002f4                CAN1_RX0_IRQHandler
                0x080002f4                FPU_IRQHandler
                0x080002f4                OTG_HS_WKUP_IRQHandler
                0x080002f4                UsageFault_Handler
                0x080002f4                LTDC_ER_IRQHandler
                0x080002f4                CAN2_SCE_IRQHandler
                0x080002f4                DMA2_Stream2_IRQHandler
                0x080002f4                SPI1_IRQHandler
                0x080002f4                TIM6_DAC_IRQHandler
                0x080002f4                TIM1_BRK_TIM9_IRQHandler
                0x080002f4                DCMI_IRQHandler
                0x080002f4                CAN2_RX0_IRQHandler
                0x080002f4                DMA2_Stream3_IRQHandler
                0x080002f4                SAI2_IRQHandler
                0x080002f4                USART6_IRQHandler
                0x080002f4                USART3_IRQHandler
                0x080002f4                CAN1_RX1_IRQHandler
                0x080002f4                UART5_IRQHandler
                0x080002f4                DMA2_Stream0_IRQHandler
                0x080002f4                TIM4_IRQHandler
                0x080002f4                QUADSPI_IRQHandler
                0x080002f4                I2C1_EV_IRQHandler
                0x080002f4                DMA1_Stream6_IRQHandler
                0x080002f4                DMA1_Stream1_IRQHandler
                0x080002f4                UART4_IRQHandler
                0x080002f4                TIM3_IRQHandler
                0x080002f4                RCC_IRQHandler
                0x080002f4                TIM8_BRK_TIM12_IRQHandler
                0x080002f4                Default_Handler
                0x080002f4                CEC_IRQHandler
                0x080002f4                EXTI15_10_IRQHandler
                0x080002f4                ADC_IRQHandler
                0x080002f4                DMA1_Stream7_IRQHandler
                0x080002f4                SPI5_IRQHandler
                0x080002f4                TIM7_IRQHandler
                0x080002f4                SDMMC1_IRQHandler
                0x080002f4                CAN2_TX_IRQHandler
                0x080002f4                TIM5_IRQHandler
                0x080002f4                DMA2_Stream7_IRQHandler
                0x080002f4                I2C3_EV_IRQHandler
                0x080002f4                EXTI9_5_IRQHandler
                0x080002f4                RTC_WKUP_IRQHandler
                0x080002f4                LTDC_IRQHandler
                0x080002f4                ETH_WKUP_IRQHandler
                0x080002f4                SPDIF_RX_IRQHandler
                0x080002f4                SPI2_IRQHandler
                0x080002f4                OTG_HS_EP1_IN_IRQHandler
                0x080002f4                MemManage_Handler
                0x080002f4                DMA1_Stream0_IRQHandler
                0x080002f4                CAN1_TX_IRQHandler
                0x080002f4                SVC_Handler
                0x080002f4                EXTI4_IRQHandler
                0x080002f4                RNG_IRQHandler
                0x080002f4                ETH_IRQHandler
                0x080002f4                OTG_HS_EP1_OUT_IRQHandler
                0x080002f4                WWDG_IRQHandler
                0x080002f4                SPI6_IRQHandler
                0x080002f4                I2C4_EV_IRQHandler
                0x080002f4                TIM2_IRQHandler
                0x080002f4                OTG_FS_WKUP_IRQHandler
                0x080002f4                TIM1_TRG_COM_TIM11_IRQHandler
                0x080002f4                OTG_HS_IRQHandler
                0x080002f4                DMA2D_IRQHandler
                0x080002f4                EXTI1_IRQHandler
                0x080002f4                UART7_IRQHandler
                0x080002f4                USART2_IRQHandler
                0x080002f4                I2C2_ER_IRQHandler
                0x080002f4                DMA2_Stream1_IRQHandler
                0x080002f4                CAN1_SCE_IRQHandler
                0x080002f4                FLASH_IRQHandler
                0x080002f4                DMA2_Stream4_IRQHandler
                0x080002f4                BusFault_Handler
                0x080002f4                USART1_IRQHandler
                0x080002f4                OTG_FS_IRQHandler
                0x080002f4                SPI3_IRQHandler
                0x080002f4                DMA1_Stream4_IRQHandler
                0x080002f4                I2C1_ER_IRQHandler
                0x080002f4                FMC_IRQHandler
                0x080002f4                LPTIM1_IRQHandler
                0x080002f4                I2C4_ER_IRQHandler
                0x080002f4                DMA2_Stream6_IRQHandler
                0x080002f4                SAI1_IRQHandler
                0x080002f4                DMA1_Stream3_IRQHandler
 *fill*         0x080002f6        0x2 
 .text.SystemInit
                0x080002f8       0x6c src\system_stm32f7xx.o
                0x080002f8                SystemInit
 .text.__libc_init_array
                0x08000364       0x48 c:/program files (x86)/atollic/truestudio for stm32 9.0.0/armtools/bin/../lib/gcc/arm-atollic-eabi/6.3.1/../../../../arm-atollic-eabi/lib/armv7e-m/fpu/fpv5-sp-d16\libc_nano.a(lib_a-init.o)
                0x08000364                __libc_init_array
 *(.glue_7)
 .glue_7        0x080003ac        0x0 linker stubs
 *(.glue_7t)
 .glue_7t       0x080003ac        0x0 linker stubs
 *(.eh_frame)
 .eh_frame      0x080003ac        0x0 c:/program files (x86)/atollic/truestudio for stm32 9.0.0/armtools/bin/../lib/gcc/arm-atollic-eabi/6.3.1/armv7e-m/fpu/fpv5-sp-d16/crtbegin.o
 *(.init)
 .init          0x080003ac        0x4 c:/program files (x86)/atollic/truestudio for stm32 9.0.0/armtools/bin/../lib/gcc/arm-atollic-eabi/6.3.1/armv7e-m/fpu/fpv5-sp-d16/crti.o
                0x080003ac                _init
 .init          0x080003b0        0x8 c:/program files (x86)/atollic/truestudio for stm32 9.0.0/armtools/bin/../lib/gcc/arm-atollic-eabi/6.3.1/armv7e-m/fpu/fpv5-sp-d16/crtn.o
 *(.fini)
 .fini          0x080003b8        0x4 c:/program files (x86)/atollic/truestudio for stm32 9.0.0/armtools/bin/../lib/gcc/arm-atollic-eabi/6.3.1/armv7e-m/fpu/fpv5-sp-d16/crti.o
                0x080003b8                _fini
 .fini          0x080003bc        0x8 c:/program files (x86)/atollic/truestudio for stm32 9.0.0/armtools/bin/../lib/gcc/arm-atollic-eabi/6.3.1/armv7e-m/fpu/fpv5-sp-d16/crtn.o
                0x080003c4                . = ALIGN (0x4)
                0x080003c4                _etext = .

.vfp11_veneer   0x080003c4        0x0
 .vfp11_veneer  0x080003c4        0x0 linker stubs

.v4_bx          0x080003c4        0x0
 .v4_bx         0x080003c4        0x0 linker stubs

.iplt           0x080003c4        0x0
 .iplt          0x080003c4        0x0 c:/program files (x86)/atollic/truestudio for stm32 9.0.0/armtools/bin/../lib/gcc/arm-atollic-eabi/6.3.1/armv7e-m/fpu/fpv5-sp-d16/crtbegin.o

.rel.dyn        0x080003c4        0x0
 .rel.iplt      0x080003c4        0x0 c:/program files (x86)/atollic/truestudio for stm32 9.0.0/armtools/bin/../lib/gcc/arm-atollic-eabi/6.3.1/armv7e-m/fpu/fpv5-sp-d16/crtbegin.o

.rodata         0x080003c4        0x0
                0x080003c4                . = ALIGN (0x4)
 *(.rodata)
 *(.rodata*)
                0x080003c4                . = ALIGN (0x4)

.ARM.extab
 *(.ARM.extab* .gnu.linkonce.armextab.*)

.ARM            0x080003c4        0x0
                0x080003c4                __exidx_start = .
 *(.ARM.exidx*)
                0x080003c4                __exidx_end = .

.preinit_array  0x080003c4        0x0
                0x080003c4                PROVIDE (__preinit_array_start, .)
 *(.preinit_array*)
                0x080003c4                PROVIDE (__preinit_array_end, .)

.init_array     0x080003c4        0x4
                0x080003c4                PROVIDE (__init_array_start, .)
 *(SORT(.init_array.*))
 *(.init_array*)
 .init_array    0x080003c4        0x4 c:/program files (x86)/atollic/truestudio for stm32 9.0.0/armtools/bin/../lib/gcc/arm-atollic-eabi/6.3.1/armv7e-m/fpu/fpv5-sp-d16/crtbegin.o
                0x080003c8                PROVIDE (__init_array_end, .)

.fini_array     0x080003c8        0x4
                [!provide]                PROVIDE (__fini_array_start, .)
 *(SORT(.fini_array.*))
 *(.fini_array*)
 .fini_array    0x080003c8        0x4 c:/program files (x86)/atollic/truestudio for stm32 9.0.0/armtools/bin/../lib/gcc/arm-atollic-eabi/6.3.1/armv7e-m/fpu/fpv5-sp-d16/crtbegin.o
                [!provide]                PROVIDE (__fini_array_end, .)
                0x080003cc                _sidata = LOADADDR (.data)

.data           0x20010000        0x0 load address 0x080003cc
                0x20010000                . = ALIGN (0x4)
                0x20010000                _sdata = .
 *(.data)
 *(.data*)
                0x20010000                . = ALIGN (0x4)
                0x20010000                _edata = .
                0x080003cc                _sidtcmram = LOADADDR (.dtcmram)

.igot.plt       0x20010000        0x0 load address 0x080003cc
 .igot.plt      0x20010000        0x0 c:/program files (x86)/atollic/truestudio for stm32 9.0.0/armtools/bin/../lib/gcc/arm-atollic-eabi/6.3.1/armv7e-m/fpu/fpv5-sp-d16/crtbegin.o

.dtcmram        0x20000000        0x0 load address 0x080003cc
                0x20000000                . = ALIGN (0x4)
                0x20000000                _sdtcmram = .
 *(.dtcmram)
 *(.dtcmram*)
                0x20000000                . = ALIGN (0x4)
                0x20000000                _edtcmram = .
                0x080003cc                _sisram2 = LOADADDR (.sram2)

.sram2          0x2004c000        0x0 load address 0x080003cc
                0x2004c000                . = ALIGN (0x4)
                0x2004c000                _ssram2 = .
 *(.sram2)
 *(.sram2*)
                0x2004c000                . = ALIGN (0x4)
                0x2004c000                _esram2 = .
                0x2004c000                . = ALIGN (0x4)

.bss            0x20010000       0x1c
                0x20010000                _sbss = .
                0x20010000                __bss_start__ = _sbss
 *(.bss)
 .bss           0x20010000       0x1c c:/program files (x86)/atollic/truestudio for stm32 9.0.0/armtools/bin/../lib/gcc/arm-atollic-eabi/6.3.1/armv7e-m/fpu/fpv5-sp-d16/crtbegin.o
 *(.bss*)
 *(COMMON)
                0x2001001c                . = ALIGN (0x4)
                0x2001001c                _ebss = .
                0x2001001c                __bss_end__ = _ebss

._user_heap_stack
                0x2001001c      0x400
                0x2001001c                . = ALIGN (0x4)
                [!provide]                PROVIDE (end, .)
                [!provide]                PROVIDE (_end, .)
                0x2001001c                . = (. + _Min_Heap_Size)
                0x2001041c                . = (. + _Min_Stack_Size)
 *fill*         0x2001001c      0x400 
                0x2001041c                . = ALIGN (0x4)

.memory_b1_text
 *(.mb1text)
 *(.mb1text*)
 *(.mb1rodata)
 *(.mb1rodata*)

/DISCARD/
 libc.a(*)
 libm.a(*)
 libgcc.a(*)

.ARM.attributes
                0x00000000       0x30
 *(.ARM.attributes)
 .ARM.attributes
                0x00000000       0x22 c:/program files (x86)/atollic/truestudio for stm32 9.0.0/armtools/bin/../lib/gcc/arm-atollic-eabi/6.3.1/armv7e-m/fpu/fpv5-sp-d16/crti.o
 .ARM.attributes
                0x00000022       0x34 c:/program files (x86)/atollic/truestudio for stm32 9.0.0/armtools/bin/../lib/gcc/arm-atollic-eabi/6.3.1/armv7e-m/fpu/fpv5-sp-d16/crtbegin.o
 .ARM.attributes
                0x00000056       0x39 src\main.o
 .ARM.attributes
                0x0000008f       0x21 src\startup_stm32f746xx.o
 .ARM.attributes
                0x000000b0       0x39 src\system_stm32f7xx.o
 .ARM.attributes
                0x000000e9       0x34 c:/program files (x86)/atollic/truestudio for stm32 9.0.0/armtools/bin/../lib/gcc/arm-atollic-eabi/6.3.1/../../../../arm-atollic-eabi/lib/armv7e-m/fpu/fpv5-sp-d16\libc_nano.a(lib_a-init.o)
 .ARM.attributes
                0x0000011d       0x22 c:/program files (x86)/atollic/truestudio for stm32 9.0.0/armtools/bin/../lib/gcc/arm-atollic-eabi/6.3.1/armv7e-m/fpu/fpv5-sp-d16/crtn.o
OUTPUT(Nucleo-F746ZG-Base.elf elf32-littlearm)

.debug_info     0x00000000      0xb78
 .debug_info    0x00000000      0x400 src\main.o
 .debug_info    0x00000400       0x91 src\startup_stm32f746xx.o
 .debug_info    0x00000491      0x6e7 src\system_stm32f7xx.o

.debug_abbrev   0x00000000      0x25e
 .debug_abbrev  0x00000000      0x122 src\main.o
 .debug_abbrev  0x00000122       0x12 src\startup_stm32f746xx.o
 .debug_abbrev  0x00000134      0x12a src\system_stm32f7xx.o

.debug_aranges  0x00000000       0x78
 .debug_aranges
                0x00000000       0x28 src\main.o
 .debug_aranges
                0x00000028       0x28 src\startup_stm32f746xx.o
 .debug_aranges
                0x00000050       0x28 src\system_stm32f7xx.o

.debug_ranges   0x00000000       0x50
 .debug_ranges  0x00000000       0x18 src\main.o
 .debug_ranges  0x00000018       0x20 src\startup_stm32f746xx.o
 .debug_ranges  0x00000038       0x18 src\system_stm32f7xx.o

.debug_line     0x00000000      0x443
 .debug_line    0x00000000      0x1f1 src\main.o
 .debug_line    0x000001f1       0x7b src\startup_stm32f746xx.o
 .debug_line    0x0000026c      0x1d7 src\system_stm32f7xx.o

.debug_str      0x00000000      0x49d
 .debug_str     0x00000000      0x32a src\main.o
                                0x37c (size before relaxing)
 .debug_str     0x0000032a      0x173 src\system_stm32f7xx.o
                                0x4a1 (size before relaxing)

.comment        0x00000000       0x7c
 .comment       0x00000000       0x7c src\main.o
                                 0x7d (size before relaxing)
 .comment       0x0000007c       0x7d src\system_stm32f7xx.o

.debug_frame    0x00000000       0xdc
 .debug_frame   0x00000000       0x58 src\main.o
 .debug_frame   0x00000058       0x58 src\system_stm32f7xx.o
 .debug_frame   0x000000b0       0x2c c:/program files (x86)/atollic/truestudio for stm32 9.0.0/armtools/bin/../lib/gcc/arm-atollic-eabi/6.3.1/../../../../arm-atollic-eabi/lib/armv7e-m/fpu/fpv5-sp-d16\libc_nano.a(lib_a-init.o)

.stabstr        0x00000000       0x3f
 .stabstr       0x00000000       0x3f c:/program files (x86)/atollic/truestudio for stm32 9.0.0/armtools/bin/../lib/gcc/arm-atollic-eabi/6.3.1/../../../../arm-atollic-eabi/lib/armv7e-m/fpu/fpv5-sp-d16\libnosys.a(write.o)

Cross Reference Table

Symbol                                            File
ADC_IRQHandler                                    src\startup_stm32f746xx.o
AHBPrescTable                                     src\system_stm32f7xx.o
APBPrescTable                                     src\system_stm32f7xx.o
BusFault_Handler                                  src\startup_stm32f746xx.o
CAN1_RX0_IRQHandler                               src\startup_stm32f746xx.o
CAN1_RX1_IRQHandler                               src\startup_stm32f746xx.o
CAN1_SCE_IRQHandler                               src\startup_stm32f746xx.o
CAN1_TX_IRQHandler                                src\startup_stm32f746xx.o
CAN2_RX0_IRQHandler                               src\startup_stm32f746xx.o
CAN2_RX1_IRQHandler                               src\startup_stm32f746xx.o
CAN2_SCE_IRQHandler                               src\startup_stm32f746xx.o
CAN2_TX_IRQHandler                                src\startup_stm32f746xx.o
CEC_IRQHandler                                    src\startup_stm32f746xx.o
DCMI_IRQHandler                                   src\startup_stm32f746xx.o
DMA1_Stream0_IRQHandler                           src\startup_stm32f746xx.o
DMA1_Stream1_IRQHandler                           src\startup_stm32f746xx.o
DMA1_Stream2_IRQHandler                           src\startup_stm32f746xx.o
DMA1_Stream3_IRQHandler                           src\startup_stm32f746xx.o
DMA1_Stream4_IRQHandler                           src\startup_stm32f746xx.o
DMA1_Stream5_IRQHandler                           src\startup_stm32f746xx.o
DMA1_Stream6_IRQHandler                           src\startup_stm32f746xx.o
DMA1_Stream7_IRQHandler                           src\startup_stm32f746xx.o
DMA2D_IRQHandler                                  src\startup_stm32f746xx.o
DMA2_Stream0_IRQHandler                           src\startup_stm32f746xx.o
DMA2_Stream1_IRQHandler                           src\startup_stm32f746xx.o
DMA2_Stream2_IRQHandler                           src\startup_stm32f746xx.o
DMA2_Stream3_IRQHandler                           src\startup_stm32f746xx.o
DMA2_Stream4_IRQHandler                           src\startup_stm32f746xx.o
DMA2_Stream5_IRQHandler                           src\startup_stm32f746xx.o
DMA2_Stream6_IRQHandler                           src\startup_stm32f746xx.o
DMA2_Stream7_IRQHandler                           src\startup_stm32f746xx.o
DebugMon_Handler                                  src\startup_stm32f746xx.o
Default_Handler                                   src\startup_stm32f746xx.o
ETH_IRQHandler                                    src\startup_stm32f746xx.o
ETH_WKUP_IRQHandler                               src\startup_stm32f746xx.o
EXTI0_IRQHandler                                  src\startup_stm32f746xx.o
EXTI15_10_IRQHandler                              src\startup_stm32f746xx.o
EXTI1_IRQHandler                                  src\startup_stm32f746xx.o
EXTI2_IRQHandler                                  src\startup_stm32f746xx.o
EXTI3_IRQHandler                                  src\startup_stm32f746xx.o
EXTI4_IRQHandler                                  src\startup_stm32f746xx.o
EXTI9_5_IRQHandler                                src\startup_stm32f746xx.o
FLASH_IRQHandler                                  src\startup_stm32f746xx.o
FMC_IRQHandler                                    src\startup_stm32f746xx.o
FPU_IRQHandler                                    src\startup_stm32f746xx.o
HardFault_Handler                                 src\startup_stm32f746xx.o
I2C1_ER_IRQHandler                                src\startup_stm32f746xx.o
I2C1_EV_IRQHandler                                src\startup_stm32f746xx.o
I2C2_ER_IRQHandler                                src\startup_stm32f746xx.o
I2C2_EV_IRQHandler                                src\startup_stm32f746xx.o
I2C3_ER_IRQHandler                                src\startup_stm32f746xx.o
I2C3_EV_IRQHandler                                src\startup_stm32f746xx.o
I2C4_ER_IRQHandler                                src\startup_stm32f746xx.o
I2C4_EV_IRQHandler                                src\startup_stm32f746xx.o
LPTIM1_IRQHandler                                 src\startup_stm32f746xx.o
LTDC_ER_IRQHandler                                src\startup_stm32f746xx.o
LTDC_IRQHandler                                   src\startup_stm32f746xx.o
MemManage_Handler                                 src\startup_stm32f746xx.o
NMI_Handler                                       src\startup_stm32f746xx.o
OTG_FS_IRQHandler                                 src\startup_stm32f746xx.o
OTG_FS_WKUP_IRQHandler                            src\startup_stm32f746xx.o
OTG_HS_EP1_IN_IRQHandler                          src\startup_stm32f746xx.o
OTG_HS_EP1_OUT_IRQHandler                         src\startup_stm32f746xx.o
OTG_HS_IRQHandler                                 src\startup_stm32f746xx.o
OTG_HS_WKUP_IRQHandler                            src\startup_stm32f746xx.o
PVD_IRQHandler                                    src\startup_stm32f746xx.o
PendSV_Handler                                    src\startup_stm32f746xx.o
QUADSPI_IRQHandler                                src\startup_stm32f746xx.o
RCC_IRQHandler                                    src\startup_stm32f746xx.o
RNG_IRQHandler                                    src\startup_stm32f746xx.o
RTC_Alarm_IRQHandler                              src\startup_stm32f746xx.o
RTC_WKUP_IRQHandler                               src\startup_stm32f746xx.o
Reset_Handler                                     src\startup_stm32f746xx.o
SAI1_IRQHandler                                   src\startup_stm32f746xx.o
SAI2_IRQHandler                                   src\startup_stm32f746xx.o
SDMMC1_IRQHandler                                 src\startup_stm32f746xx.o
SPDIF_RX_IRQHandler                               src\startup_stm32f746xx.o
SPI1_IRQHandler                                   src\startup_stm32f746xx.o
SPI2_IRQHandler                                   src\startup_stm32f746xx.o
SPI3_IRQHandler                                   src\startup_stm32f746xx.o
SPI4_IRQHandler                                   src\startup_stm32f746xx.o
SPI5_IRQHandler                                   src\startup_stm32f746xx.o
SPI6_IRQHandler                                   src\startup_stm32f746xx.o
SVC_Handler                                       src\startup_stm32f746xx.o
SysTick_Handler                                   src\startup_stm32f746xx.o
SystemCoreClock                                   src\system_stm32f7xx.o
SystemCoreClockUpdate                             src\system_stm32f7xx.o
SystemInit                                        src\system_stm32f7xx.o
                                                  src\startup_stm32f746xx.o
                                                  src\main.o
TAMP_STAMP_IRQHandler                             src\startup_stm32f746xx.o
TIM1_BRK_TIM9_IRQHandler                          src\startup_stm32f746xx.o
TIM1_CC_IRQHandler                                src\startup_stm32f746xx.o
TIM1_TRG_COM_TIM11_IRQHandler                     src\startup_stm32f746xx.o
TIM1_UP_TIM10_IRQHandler                          src\startup_stm32f746xx.o
TIM2_IRQHandler                                   src\startup_stm32f746xx.o
TIM3_IRQHandler                                   src\startup_stm32f746xx.o
TIM4_IRQHandler                                   src\startup_stm32f746xx.o
TIM5_IRQHandler                                   src\startup_stm32f746xx.o
TIM6_DAC_IRQHandler                               src\startup_stm32f746xx.o
TIM7_IRQHandler                                   src\startup_stm32f746xx.o
TIM8_BRK_TIM12_IRQHandler                         src\startup_stm32f746xx.o
TIM8_CC_IRQHandler                                src\startup_stm32f746xx.o
TIM8_TRG_COM_TIM14_IRQHandler                     src\startup_stm32f746xx.o
TIM8_UP_TIM13_IRQHandler                          src\startup_stm32f746xx.o
UART4_IRQHandler                                  src\startup_stm32f746xx.o
UART5_IRQHandler                                  src\startup_stm32f746xx.o
UART7_IRQHandler                                  src\startup_stm32f746xx.o
UART8_IRQHandler                                  src\startup_stm32f746xx.o
USART1_IRQHandler                                 src\startup_stm32f746xx.o
USART2_IRQHandler                                 src\startup_stm32f746xx.o
USART3_IRQHandler                                 src\startup_stm32f746xx.o
USART6_IRQHandler                                 src\startup_stm32f746xx.o
UsageFault_Handler                                src\startup_stm32f746xx.o
WWDG_IRQHandler                                   src\startup_stm32f746xx.o
__deregister_frame_info                           c:/program files (x86)/atollic/truestudio for stm32 9.0.0/armtools/bin/../lib/gcc/arm-atollic-eabi/6.3.1/armv7e-m/fpu/fpv5-sp-d16/crtbegin.o
__dso_handle                                      c:/program files (x86)/atollic/truestudio for stm32 9.0.0/armtools/bin/../lib/gcc/arm-atollic-eabi/6.3.1/armv7e-m/fpu/fpv5-sp-d16/crtbegin.o
__init_array_end                                  c:/program files (x86)/atollic/truestudio for stm32 9.0.0/armtools/bin/../lib/gcc/arm-atollic-eabi/6.3.1/../../../../arm-atollic-eabi/lib/armv7e-m/fpu/fpv5-sp-d16\libc_nano.a(lib_a-init.o)
__init_array_start                                c:/program files (x86)/atollic/truestudio for stm32 9.0.0/armtools/bin/../lib/gcc/arm-atollic-eabi/6.3.1/../../../../arm-atollic-eabi/lib/armv7e-m/fpu/fpv5-sp-d16\libc_nano.a(lib_a-init.o)
__libc_init_array                                 c:/program files (x86)/atollic/truestudio for stm32 9.0.0/armtools/bin/../lib/gcc/arm-atollic-eabi/6.3.1/../../../../arm-atollic-eabi/lib/armv7e-m/fpu/fpv5-sp-d16\libc_nano.a(lib_a-init.o)
                                                  src\startup_stm32f746xx.o
__preinit_array_end                               c:/program files (x86)/atollic/truestudio for stm32 9.0.0/armtools/bin/../lib/gcc/arm-atollic-eabi/6.3.1/../../../../arm-atollic-eabi/lib/armv7e-m/fpu/fpv5-sp-d16\libc_nano.a(lib_a-init.o)
__preinit_array_start                             c:/program files (x86)/atollic/truestudio for stm32 9.0.0/armtools/bin/../lib/gcc/arm-atollic-eabi/6.3.1/../../../../arm-atollic-eabi/lib/armv7e-m/fpu/fpv5-sp-d16\libc_nano.a(lib_a-init.o)
__register_frame_info                             c:/program files (x86)/atollic/truestudio for stm32 9.0.0/armtools/bin/../lib/gcc/arm-atollic-eabi/6.3.1/armv7e-m/fpu/fpv5-sp-d16/crtbegin.o
_ebss                                             src\startup_stm32f746xx.o
_edata                                            src\startup_stm32f746xx.o
_estack                                           src\startup_stm32f746xx.o
_fini                                             c:/program files (x86)/atollic/truestudio for stm32 9.0.0/armtools/bin/../lib/gcc/arm-atollic-eabi/6.3.1/armv7e-m/fpu/fpv5-sp-d16/crti.o
_init                                             c:/program files (x86)/atollic/truestudio for stm32 9.0.0/armtools/bin/../lib/gcc/arm-atollic-eabi/6.3.1/armv7e-m/fpu/fpv5-sp-d16/crti.o
                                                  c:/program files (x86)/atollic/truestudio for stm32 9.0.0/armtools/bin/../lib/gcc/arm-atollic-eabi/6.3.1/../../../../arm-atollic-eabi/lib/armv7e-m/fpu/fpv5-sp-d16\libc_nano.a(lib_a-init.o)
_sbss                                             src\startup_stm32f746xx.o
_sdata                                            src\startup_stm32f746xx.o
_sidata                                           src\startup_stm32f746xx.o
_write                                            c:/program files (x86)/atollic/truestudio for stm32 9.0.0/armtools/bin/../lib/gcc/arm-atollic-eabi/6.3.1/../../../../arm-atollic-eabi/lib/armv7e-m/fpu/fpv5-sp-d16\libnosys.a(write.o)
                                                  src\tiny_printf.o
delay_ms                                          src\main.o
errno                                             c:/program files (x86)/atollic/truestudio for stm32 9.0.0/armtools/bin/../lib/gcc/arm-atollic-eabi/6.3.1/../../../../arm-atollic-eabi/lib/armv7e-m/fpu/fpv5-sp-d16\libnosys.a(errno.o)
                                                  c:/program files (x86)/atollic/truestudio for stm32 9.0.0/armtools/bin/../lib/gcc/arm-atollic-eabi/6.3.1/../../../../arm-atollic-eabi/lib/armv7e-m/fpu/fpv5-sp-d16\libnosys.a(write.o)
fiprintf                                          src\tiny_printf.o
fprintf                                           src\tiny_printf.o
fputs                                             src\tiny_printf.o
fwrite                                            src\tiny_printf.o
g_pfnVectors                                      src\startup_stm32f746xx.o
iprintf                                           src\tiny_printf.o
main                                              src\main.o
                                                  src\startup_stm32f746xx.o
printf                                            src\tiny_printf.o
puts                                              src\tiny_printf.o
siprintf                                          src\tiny_printf.o
sprintf                                           src\tiny_printf.o
strlen                                            c:/program files (x86)/atollic/truestudio for stm32 9.0.0/armtools/bin/../lib/gcc/arm-atollic-eabi/6.3.1/../../../../arm-atollic-eabi/lib/armv7e-m/fpu/fpv5-sp-d16\libc_nano.a(lib_a-strlen.o)
                                                  src\tiny_printf.o
ts_formatlength                                   src\tiny_printf.o
ts_formatstring                                   src\tiny_printf.o
ts_itoa                                           src\tiny_printf.o
